// Jest Snapshot v1, https://goo.gl/fbAQLP

exports[`bucket with the name ninnyhammer-bucket 1`] = `
Object {
  "Resources": Object {
    "Bucket83908E77": Object {
      "DeletionPolicy": "Retain",
      "Type": "AWS::S3::Bucket",
      "UpdateReplacePolicy": "Retain",
    },
  },
}
`;
